export const BOOT_LINES: string[] = [
  "[    0.000000] Booting Linux on physical CPU 0x0000000000 [0x410fd083]",
  "[    0.000000] Linux version 6.1.21-v8+ (dom@buildbot) (aarch64-linux-gnu-gcc-8 8.4.0, GNU ld 2.34) #1642 SMP PREEMPT Mon Apr 3 17:24:16 BST 2023",
  "[    0.000000] random: crng init done",
  "[    0.000000] Machine model: Raspberry Pi 4 Model B Rev 1.4",
  "[    0.000000] efi: UEFI not found.",
  "[    0.000000] Reserved memory: created CMA memory pool at 0x000000001ec00000, size 320 MiB",
  "[    0.000000] OF: reserved mem: initialized node linux,cma, compatible id shared-dma-pool",
  "[    0.000000] cma: Reserved 320 MiB at 0x000000001ec00000",
  "[    0.000000] On node 0 totalpages: 1012736",
  "[    0.000000]   DMA zone: 13312 pages used for memmap",
  "[    0.000000]   DMA zone: 0 pages reserved",
  "[    0.000000]   DMA zone: 851968 pages, LIFO batch:63",
  "[    0.000000]   Normal zone: 2512 pages used for memmap",
  "[    0.000000]   Normal zone: 160768 pages, LIFO batch:63",
  "[    0.000000] percpu: Embedded 30 pages/cpu s83496 r8192 d31704 u122880",
  "[    0.000000] pcpu-alloc: s83496 r8192 d31704 u122880 alloc=30*4096",
  "[    0.000000] pcpu-alloc: [0] 0 [0] 1 [0] 2 [0] 3",
  "[    0.000000] Detected PIPT I-cache on CPU0",
  "[    0.000000] CPU features: detected: Spectre-v2",
  "[    0.000000] CPU features: detected: Spectre-v4",
  "[    0.000000] CPU features: kernel page table isolation forced ON by KASLR",
  "[    0.000000] Kernel command line: coherent_pool=1M 8250.nr_uarts=0 snd_bcm2835.enable_compat_alsa=0 snd_bcm2835.enable_hdmi=1 video=HDMI-A-1:1920x1080M@60 smsc95xx.macaddr=DC:A6:32:11:22:33 vc_mem.mem_base=0x3ec00000 vc_mem.mem_size=0x40000000 console=ttyS0,115200 console=tty1 root=PARTUUID=12345678-02 rootfstype=ext4 fsck.repair=yes rootwait",
  "[    0.000123] Memory: 3741200K/4050944K available",
  "[    0.000456] SLUB: HWalign=64, Order=0-3, MinObjects=0, CPUs=4, Nodes=1",
  "[    0.001234] rcu: Hierarchical RCU implementation.",
  "[    0.001892] NR_IRQS: 64, nr_irqs: 64, preallocated irqs: 0",
  "[    0.002567] GIC: Using split EOI/Deactivate mode",
  "[    0.003241] arch_timer: cp15 timer(s) running at 54.00MHz (phys).",
  "[    0.003998] Console: colour dummy device 80x25",
  "[    0.004412] printk: console [tty1] enabled",
  "[    0.005012] Calibrating delay loop (skipped), value calculated using timer frequency.. 108.00 BogoMIPS",
  "[    0.005789] pid_max: default: 32768 minimum: 301",
  "[    0.006523] Mount-cache hash table entries: 8192",
  "[    0.007189] CPU0: Booted secondary processor 0x0000000001 [0x410fd083]",
  "[    0.007891] CPU0: Booted secondary processor 0x0000000002 [0x410fd083]",
  "[    0.008534] CPU0: Booted secondary processor 0x0000000003 [0x410fd083]",
  "[    0.009123] SMP: Total of 4 processors activated.",
  "[    0.010012] CPU features: detected: 32-bit EL0 Support",
  "[    0.011245] devtmpfs: initialized",
  "[    0.012789] DMA: preallocated 1024 KiB GFP_KERNEL pool for atomic allocations",
  "[    0.014012] thermal_sys: Registered thermal governor 'step_wise'",
  "[    0.015543] cpuidle: using governor menu",
  "[    0.016712] ASID allocator initialised with 65536 entries",
  "[    0.018234] raspberrypi-firmware soc:firmware: Attached to firmware from 2023-04-03T15:00:01, variant start",
  "[    0.019823] raspberrypi-firmware soc:firmware: Firmware hash is e5f6e9e8c4b3",
  "[    0.021123] vgaarb: loaded",
  "[    0.022891] SCSI subsystem initialized",
  "[    0.024156] usbcore: registered new interface driver usbfs",
  "[    0.025423] usbcore: registered new interface driver hub",
  "[    0.026789] usbcore: registered new device driver usb",
  "[    0.028012] clocksource: Switched to clocksource arch_sys_counter",
  "[    0.029567] VFS: Disk quotas dquot_6.6.0",
  "[    0.031234] FS-Cache: Loaded",
  "[    0.032891] NET: Registered PF_INET protocol family",
  "[    0.034234] IP idents hash table entries: 65536 (order: 7, 524288 bytes)",
  "[    0.035891] TCP established hash table entries: 32768 (order: 6, 262144 bytes)",
  "[    0.037412] TCP: Hash tables configured (established 32768 bind 32768)",
  "[    0.039123] NET: Registered PF_UNIX/PF_LOCAL protocol family",
  "[    0.041234] Initialise system trusted keyrings",
  "[    0.042891] zbud: loaded",
  "[    0.044567] squashfs: version 4.0 (2009/01/31) Phillip Lougher",
  "[    0.046234] Key type asymmetric registered",
  "[    0.048012] io scheduler mq-deadline registered",
  "[    0.049567] brd: module loaded",
  "[    0.051234] loop: module loaded",
  "[    0.053123] uart-pl011 fe201000.serial: cts_event_workaround enabled",
  "[    0.054789] uart-pl011 fe201000.serial: there is not valid maps for state default",
  "[    0.056412] mousedev: PS/2 mouse device common for all mice",
  "[    0.058123] sdhci: Secure Digital Host Controller Interface driver",
  "[    0.060234] sdhci-pltfm: SDHCI platform and OF driver helper",
  "[    0.062123] mmc1: SDHCI controller on fe300000.mmcnr [fe300000.mmcnr] using ADMA",
  "[    0.064234] mmc0: SDHCI controller on fe340000.mmc [fe340000.mmc] using ADMA",
  "[    0.066789] mmc0: new ultra high speed SDR104 SDHC card at address aaaa",
  "[    0.068234] mmcblk0: mmc0:aaaa SC32G 29.7 GiB",
  "[    0.070123]  mmcblk0: p1 p2",
  "[    0.071891] random: fast init done",
  "[    0.073567] EXT4-fs (mmcblk0p2): mounted filesystem with ordered data mode. Quota mode: none.",
  "[    0.075412] VFS: Mounted root (ext4 filesystem) readonly on device 179:2.",
  "[    0.077123] devtmpfs: mounted",
  "[    0.078891] Freeing unused kernel memory: 5184K",
  "[    0.080567] Run /sbin/init as init process",
  "[    1.123456] systemd[1]: systemd 247.3-7+deb11u4 running in system mode.",
  "[    1.234567] systemd[1]: Detected architecture arm64.",
  "[    1.345678] systemd[1]: Set hostname to <raspberrypi>.",
  "[    1.456789] systemd[1]: Queued start job for default target Graphical Interface.",
  "[ OK ] Started Journal Service.",
  "[ OK ] Mounted /boot.",
  "[ OK ] Started udev Kernel Device Manager.",
  "[ OK ] Started Network Time Synchronization.",
  "[ OK ] Reached target System Initialization.",
  "[ OK ] Started Daily Cleanup of Temporary Directories.",
  "[ OK ] Reached target Timers.",
  "[ OK ] Listening on D-Bus System Message Bus Socket.",
  "[ OK ] Reached target Sockets.",
  "[ OK ] Reached target Basic System.",
  "[ OK ] Started Avahi mDNS/DNS-SD Stack.",
  "[ OK ] Started Regular background program processing daemon.",
  "[ OK ] Started D-Bus System Message Bus.",
  "[ OK ] Started Network Manager.",
  "[ OK ] Started Login Service.",
  "[ OK ] Started SSH Daemon.",
  "[ OK ] Reached target Network.",
  "[ OK ] Reached target Host and Network Name Lookups.",
  "[ OK ] Started Permit User Sessions.",
  "[ OK ] Started LightDM Display Manager.",
  "[ OK ] Reached target Graphical Interface.",
  "",
  "Raspbian GNU/Linux 11 raspberrypi tty1",
  "",
  "raspberrypi login: pi",
  "Password:",
  "Last login: Wed May 20 00:10:42 UTC 2026 on tty1",
  "Linux raspberrypi 6.1.21-v8+ #1642 SMP PREEMPT aarch64 GNU/Linux",
  "",
  "pi@raspberrypi:~ $ clear",
];
